1.Uptime: четвер, 25 березня 2021 21:12:18 +0200
2.Current users: 
algorithm :0           2021-03-25 20:13 (:0)
-----------------------------------------------------------------------------------------------------------------------------------------------
3.Recent logins: 
algorith :0           :0               Thu Mar 25 20:13   still logged in
reboot   system boot  5.8.0-48-generic Thu Mar 25 20:12   still running
algorith :0           :0               Thu Mar 25 19:43 - down   (00:29)
-----------------------------------------------------------------------------------------------------------------------------------------------
4.1.TOP-10 processes by RAM usage: 
USER         PID %CPU %MEM  STARTED     TIME COMMAND
algorit+    1748  4.0  6.9 20:13:47 00:02:21 /usr/bin/gnome-shell
algorit+    5170  2.4  6.5 20:53:52 00:00:27 telegram-desktop --
algorit+    1574  2.8  2.3 20:13:45 00:01:40 /usr/lib/xorg/Xorg vt2 -displayfd 3 -auth /run/user/1000/gdm/Xauthority -background none -noreset -keeptty -verbose 3
algorit+    2007  0.2  1.7 20:13:50 00:00:07 /snap/snap-store/518/usr/bin/snap-store --gapplication-service
algorit+    1967  0.0  1.4 20:13:49 00:00:00 /usr/libexec/evolution-data-server/evolution-alarm-notify
algorit+    2568  0.0  1.3 20:14:51 00:00:00 /usr/bin/gnome-calendar --gapplication-service
algorit+    2138  1.2  1.3 20:13:53 00:00:45 /usr/libexec/gnome-terminal-server
root         260  0.0  1.2 20:12:40 00:00:01 /lib/systemd/systemd-journald
algorit+    2572  0.0  1.0 20:14:51 00:00:00 /usr/bin/seahorse --gapplication-service
-----------------------------------------------------------------------------------------------------------------------------------------------
4.2.TOP-10 processes by CPU usage: 
USER         PID %CPU %MEM  STARTED     TIME COMMAND
algorit+    1748  4.0  6.9 20:13:47 00:02:21 /usr/bin/gnome-shell
algorit+    1574  2.8  2.3 20:13:45 00:01:40 /usr/lib/xorg/Xorg vt2 -displayfd 3 -auth /run/user/1000/gdm/Xauthority -background none -noreset -keeptty -verbose 3
algorit+    5170  2.4  6.5 20:53:52 00:00:27 telegram-desktop --
algorit+    2138  1.2  1.3 20:13:53 00:00:45 /usr/libexec/gnome-terminal-server
root         180  0.4  0.0 20:12:38 00:00:15 [irq/30-DLL07BD:]
algorit+    2007  0.2  1.7 20:13:50 00:00:07 /snap/snap-store/518/usr/bin/snap-store --gapplication-service
root         293  0.1  0.0 20:12:40 00:00:04 [kworker/3:4-events]
root         510  0.1  0.0 20:12:41 00:00:06 [gfx]
root        3747  0.1  0.0 20:27:45 00:00:02 [kworker/u8:2-events_unbound]
-----------------------------------------------------------------------------------------------------------------------------------------------
5.Open UDP/TCP ports: 
Netid  State   Recv-Q  Send-Q   Local Address:Port    Peer Address:Port Process 
udp    UNCONN  0       0              0.0.0.0:5353         0.0.0.0:*            
udp    UNCONN  0       0              0.0.0.0:38605        0.0.0.0:*            
udp    UNCONN  0       0        127.0.0.53%lo:53           0.0.0.0:*            
udp    UNCONN  0       0              0.0.0.0:631          0.0.0.0:*            
udp    UNCONN  0       0                 [::]:48308           [::]:*            
udp    UNCONN  0       0                 [::]:5353            [::]:*            
tcp    LISTEN  0       4096     127.0.0.53%lo:53           0.0.0.0:*            
tcp    LISTEN  0       5            127.0.0.1:631          0.0.0.0:*            
tcp    LISTEN  0       5                [::1]:631             [::]:*            
-----------------------------------------------------------------------------------------------------------------------------------------------
6.Virtual Memory usage: 
              total        used        free      shared  buff/cache   available
Mem:        3956848     1183152     1412348        7296     1361348     2515076
Swap:       2097148        6656     2090492
Total:      6053996     1189808     3502840
-----------------------------------------------------------------------------------------------------------------------------------------------
7.Usage of disk space: 
Filesystem      Size  Used Avail Use% Mounted on
udev            2,0G     0  2,0G   0% /dev
tmpfs           406M  1,9M  404M   1% /run
/dev/sda2       235G   13G  211G   6% /
tmpfs           2,1G     0  2,1G   0% /dev/shm
tmpfs           5,3M  4,1k  5,3M   1% /run/lock
tmpfs           2,1G     0  2,1G   0% /sys/fs/cgroup
/dev/loop0       58M   58M     0 100% /snap/core18/1880
/dev/loop3      153M  153M     0 100% /snap/slack/37
/dev/loop1       59M   59M     0 100% /snap/core18/1988
/dev/loop4      269M  269M     0 100% /snap/gnome-3-34-1804/36
/dev/loop5       69M   69M     0 100% /snap/gtk-common-themes/1514
/dev/loop6      230M  230M     0 100% /snap/gnome-3-34-1804/66
/dev/loop2      105M  105M     0 100% /snap/core/10859
/dev/loop7      105M  105M     0 100% /snap/core/10908
/dev/loop8       53M   53M     0 100% /snap/snap-store/467
/dev/loop9       54M   54M     0 100% /snap/snap-store/518
/dev/loop10      66M   66M     0 100% /snap/gtk-common-themes/1506
/dev/loop11      34M   34M     0 100% /snap/snapd/11402
/dev/loop12      34M   34M     0 100% /snap/snapd/11107
/dev/sda1       536M  8,2M  528M   2% /boot/efi
tmpfs           406M   41k  406M   1% /run/user/1000
